c:\fpv_gr\build\desktop_qt_6_8_3_msvc2022_64bit\appfpv_gr.dir\debug\vc143.pdb
c:\fpv_gr\build\desktop_qt_6_8_3_msvc2022_64bit\appfpv_gr.dir\debug\qrc_appfpv_gr_raw_qml_0.obj
c:\fpv_gr\build\desktop_qt_6_8_3_msvc2022_64bit\appfpv_gr.dir\debug\appfpv_gr_main_qml.obj
c:\fpv_gr\build\desktop_qt_6_8_3_msvc2022_64bit\appfpv_gr.dir\debug\appfpv_gr_qmlcache_loader.obj
c:\fpv_gr\build\desktop_qt_6_8_3_msvc2022_64bit\appfpv_gr.dir\debug\qrc_qmake_fpv_gr.obj
c:\fpv_gr\build\desktop_qt_6_8_3_msvc2022_64bit\appfpv_gr.dir\debug\main.obj
c:\fpv_gr\build\desktop_qt_6_8_3_msvc2022_64bit\appfpv_gr.dir\debug\mocs_compilation_debug.obj
c:\fpv_gr\build\desktop_qt_6_8_3_msvc2022_64bit\appfpv_gr.dir\debug\gamepadmanager.obj
c:\fpv_gr\build\desktop_qt_6_8_3_msvc2022_64bit\appfpv_gr.dir\debug\qrc_appfpv_gr_raw_qml_0_extra_qmldirs.obj
c:\fpv_gr\build\desktop_qt_6_8_3_msvc2022_64bit\appfpv_gr.dir\debug\main_qml.obj
c:\fpv_gr\build\desktop_qt_6_8_3_msvc2022_64bit\appfpv_gr.dir\debug\appfpv_gr_qmltyperegistrations.obj
c:\fpv_gr\build\desktop_qt_6_8_3_msvc2022_64bit\meta_types\qt6appfpv_gr_metatypes.json.gen
c:\fpv_gr\build\desktop_qt_6_8_3_msvc2022_64bit\appfpv_gr_qmltyperegistrations.cpp
c:\fpv_gr\build\desktop_qt_6_8_3_msvc2022_64bit\fpv_gr\appfpv_gr.qmltypes
c:\fpv_gr\build\desktop_qt_6_8_3_msvc2022_64bit\.qt\rcc\qrc_qmake_fpv_gr.cpp
c:\fpv_gr\build\desktop_qt_6_8_3_msvc2022_64bit\.rcc\qmlcache\appfpv_gr_qmlcache_loader.cpp
c:\fpv_gr\build\desktop_qt_6_8_3_msvc2022_64bit\.rcc\qmlcache\appfpv_gr_qml\main_qml.cpp
c:\fpv_gr\build\desktop_qt_6_8_3_msvc2022_64bit\.rcc\qmlcache\appfpv_gr_qml\main_qml.cpp.aotstats
c:\fpv_gr\build\desktop_qt_6_8_3_msvc2022_64bit\.qt\rcc\qrc_appfpv_gr_raw_qml_0.cpp
c:\fpv_gr\build\desktop_qt_6_8_3_msvc2022_64bit\.qt\rcc\qrc_appfpv_gr_raw_qml_0_extra_qmldirs.cpp
c:\fpv_gr\build\desktop_qt_6_8_3_msvc2022_64bit\cmakefiles\generate.stamp
c:\fpv_gr\build\desktop_qt_6_8_3_msvc2022_64bit\debug\appfpv_gr.exe
c:\fpv_gr\build\desktop_qt_6_8_3_msvc2022_64bit\debug\appfpv_gr.pdb
c:\fpv_gr\build\desktop_qt_6_8_3_msvc2022_64bit\debug\appfpv_gr.lib
c:\fpv_gr\build\desktop_qt_6_8_3_msvc2022_64bit\debug\appfpv_gr.exp
c:\fpv_gr\build\desktop_qt_6_8_3_msvc2022_64bit\appfpv_gr.dir\debug\appfpv_gr.ilk
c:\fpv_gr\build\desktop_qt_6_8_3_msvc2022_64bit\appfpv_gr.dir\debug\appfpv_gr.tlog\appfpv_gr.write.1u.tlog
c:\fpv_gr\build\desktop_qt_6_8_3_msvc2022_64bit\appfpv_gr.dir\debug\appfpv_gr.tlog\cl.command.1.tlog
c:\fpv_gr\build\desktop_qt_6_8_3_msvc2022_64bit\appfpv_gr.dir\debug\appfpv_gr.tlog\cl.items.tlog
c:\fpv_gr\build\desktop_qt_6_8_3_msvc2022_64bit\appfpv_gr.dir\debug\appfpv_gr.tlog\cl.read.1.tlog
c:\fpv_gr\build\desktop_qt_6_8_3_msvc2022_64bit\appfpv_gr.dir\debug\appfpv_gr.tlog\cl.write.1.tlog
c:\fpv_gr\build\desktop_qt_6_8_3_msvc2022_64bit\appfpv_gr.dir\debug\appfpv_gr.tlog\custombuild.command.1.tlog
c:\fpv_gr\build\desktop_qt_6_8_3_msvc2022_64bit\appfpv_gr.dir\debug\appfpv_gr.tlog\custombuild.read.1.tlog
c:\fpv_gr\build\desktop_qt_6_8_3_msvc2022_64bit\appfpv_gr.dir\debug\appfpv_gr.tlog\custombuild.write.1.tlog
c:\fpv_gr\build\desktop_qt_6_8_3_msvc2022_64bit\appfpv_gr.dir\debug\appfpv_gr.tlog\link-cvtres.read.1.tlog
c:\fpv_gr\build\desktop_qt_6_8_3_msvc2022_64bit\appfpv_gr.dir\debug\appfpv_gr.tlog\link-cvtres.write.1.tlog
c:\fpv_gr\build\desktop_qt_6_8_3_msvc2022_64bit\appfpv_gr.dir\debug\appfpv_gr.tlog\link-rc.read.1.tlog
c:\fpv_gr\build\desktop_qt_6_8_3_msvc2022_64bit\appfpv_gr.dir\debug\appfpv_gr.tlog\link-rc.write.1.tlog
c:\fpv_gr\build\desktop_qt_6_8_3_msvc2022_64bit\appfpv_gr.dir\debug\appfpv_gr.tlog\link.5128-cvtres.read.1.tlog
c:\fpv_gr\build\desktop_qt_6_8_3_msvc2022_64bit\appfpv_gr.dir\debug\appfpv_gr.tlog\link.5128-cvtres.write.1.tlog
c:\fpv_gr\build\desktop_qt_6_8_3_msvc2022_64bit\appfpv_gr.dir\debug\appfpv_gr.tlog\link.5128-rc.read.1.tlog
c:\fpv_gr\build\desktop_qt_6_8_3_msvc2022_64bit\appfpv_gr.dir\debug\appfpv_gr.tlog\link.5128-rc.write.1.tlog
c:\fpv_gr\build\desktop_qt_6_8_3_msvc2022_64bit\appfpv_gr.dir\debug\appfpv_gr.tlog\link.5128.read.1.tlog
c:\fpv_gr\build\desktop_qt_6_8_3_msvc2022_64bit\appfpv_gr.dir\debug\appfpv_gr.tlog\link.5128.read.2.tlog
c:\fpv_gr\build\desktop_qt_6_8_3_msvc2022_64bit\appfpv_gr.dir\debug\appfpv_gr.tlog\link.5128.write.1.tlog
c:\fpv_gr\build\desktop_qt_6_8_3_msvc2022_64bit\appfpv_gr.dir\debug\appfpv_gr.tlog\link.command.1.tlog
c:\fpv_gr\build\desktop_qt_6_8_3_msvc2022_64bit\appfpv_gr.dir\debug\appfpv_gr.tlog\link.read.1.tlog
c:\fpv_gr\build\desktop_qt_6_8_3_msvc2022_64bit\appfpv_gr.dir\debug\appfpv_gr.tlog\link.read.2.tlog
c:\fpv_gr\build\desktop_qt_6_8_3_msvc2022_64bit\appfpv_gr.dir\debug\appfpv_gr.tlog\link.secondary.1.tlog
c:\fpv_gr\build\desktop_qt_6_8_3_msvc2022_64bit\appfpv_gr.dir\debug\appfpv_gr.tlog\link.write.1.tlog
